{
    "ex-ftp-state": {
        "newest-timestamp": 1542717864,
        "last-timestamp-files": [
            "dir1\/recursive.bin"
        ]
    }
}