{"ex-ftp-state":{"newest-timestamp":0,"last-timestamp-files":[]}}