{"ex_ftp_state":{"newest_timestamp":0,"last_timestamp_files":[]}}